prisma.config.ts(11,5): error TS2353: Object literal may only specify known properties, and 'directUrl' does not exist in type '{ url?: string | undefined; shadowDatabaseUrl?: string | undefined; }'.
src/app/(protected)/agenda/[id]/page.tsx(29,20): error TS2353: Object literal may only specify known properties, and 'numeroCurso' does not exist in type 'CursoAgendaOrderByWithRelationInput | CursoAgendaOrderByWithRelationInput[]'.
src/app/(protected)/agenda/page.tsx(67,20): error TS2353: Object literal may only specify known properties, and 'numeroCurso' does not exist in type 'CursoAgendaOrderByWithRelationInput | CursoAgendaOrderByWithRelationInput[]'.
src/app/(protected)/agenda/page.tsx(79,40): error TS2339: Property 'cursoGuardado' does not exist on type 'PrismaClient'.
src/app/(protected)/agenda/page.tsx(123,22): error TS2339: Property 'cursos' does not exist on type '{ id: string; estado: EstadoFormulario; createdAt: Date; updatedAt: Date; docenteId: string; periodo: string; }'.
src/app/(protected)/agenda/page.tsx(123,34): error TS7006: Parameter 'c' implicitly has an 'any' type.
src/app/(protected)/agenda/page.tsx(142,40): error TS2339: Property 'otrasActividadesDocencia' does not exist on type '{ id: string; estado: EstadoFormulario; createdAt: Date; updatedAt: Date; docenteId: string; periodo: string; }'.
src/app/(protected)/agenda/page.tsx(143,10): error TS7006: Parameter 'a' implicitly has an 'any' type.
src/app/(protected)/agenda/page.tsx(149,40): error TS2339: Property 'actividadesInvestigacion' does not exist on type '{ id: string; estado: EstadoFormulario; createdAt: Date; updatedAt: Date; docenteId: string; periodo: string; }'.
src/app/(protected)/agenda/page.tsx(150,10): error TS7006: Parameter 'a' implicitly has an 'any' type.
src/app/(protected)/agenda/page.tsx(156,43): error TS2339: Property 'actividadesProyeccionSocial' does not exist on type '{ id: string; estado: EstadoFormulario; createdAt: Date; updatedAt: Date; docenteId: string; periodo: string; }'.
src/app/(protected)/agenda/page.tsx(157,10): error TS7006: Parameter 'a' implicitly has an 'any' type.
src/app/(protected)/agenda/page.tsx(163,34): error TS2339: Property 'actividadesGestion' does not exist on type '{ id: string; estado: EstadoFormulario; createdAt: Date; updatedAt: Date; docenteId: string; periodo: string; }'.
src/app/(protected)/agenda/page.tsx(163,58): error TS7006: Parameter 'a' implicitly has an 'any' type.
src/app/(protected)/dashboard/page.tsx(24,11): error TS2353: Object literal may only specify known properties, and 'cursosGuardados' does not exist in type 'DocenteCountOutputTypeSelect<DefaultArgs>'.
src/app/(protected)/dashboard/page.tsx(51,25): error TS2339: Property '_count' does not exist on type '{ id: string; nombre: string; createdAt: Date; updatedAt: Date; email: string; password: string; cedula: string; rol: Rol; sedeBase: Sede; modalidad: Modalidad; ... 5 more ...; proyectosActivos: boolean; }'.
src/app/(protected)/dashboard/page.tsx(68,25): error TS2339: Property '_count' does not exist on type '{ id: string; nombre: string; createdAt: Date; updatedAt: Date; email: string; password: string; cedula: string; rol: Rol; sedeBase: Sede; modalidad: Modalidad; ... 5 more ...; proyectosActivos: boolean; }'.
src/app/(protected)/dashboard/page.tsx(81,25): error TS2339: Property '_count' does not exist on type '{ id: string; nombre: string; createdAt: Date; updatedAt: Date; email: string; password: string; cedula: string; rol: Rol; sedeBase: Sede; modalidad: Modalidad; ... 5 more ...; proyectosActivos: boolean; }'.
src/app/(protected)/perfil/page.tsx(10,16): error TS2353: Object literal may only specify known properties, and 'cursosGuardados' does not exist in type 'DocenteInclude<DefaultArgs>'.
src/app/(protected)/perfil/page.tsx(19,44): error TS2339: Property 'cursosGuardados' does not exist on type '{ id: string; nombre: string; createdAt: Date; updatedAt: Date; email: string; password: string; cedula: string; rol: Rol; sedeBase: Sede; modalidad: Modalidad; ... 5 more ...; proyectosActivos: boolean; }'.
src/components/agenda/agenda-list.tsx(70,43): error TS2339: Property 'fecha' does not exist on type '{ id: string; estado: EstadoFormulario; createdAt: Date; updatedAt: Date; docenteId: string; periodo: string; }'.
src/components/agenda/agenda-wizard.tsx(4,15): error TS2305: Module '"@/generated/prisma/client"' has no exported member 'CursoGuardado'.
src/components/agenda/AgendaReadOnly.tsx(317,34): error TS2339: Property 'numeroCurso' does not exist on type '{ id: string; agendaId: string; cursoMaestroId: string | null; nombreCursoFallback: string; sede: Sede; horasPresenciales: number; semanas: number; dedicacionPeriodo: number; } & { ...; }'.
src/components/agenda/AgendaReadOnly.tsx(319,58): error TS2339: Property 'nombreCurso' does not exist on type '{ id: string; agendaId: string; cursoMaestroId: string | null; nombreCursoFallback: string; sede: Sede; horasPresenciales: number; semanas: number; dedicacionPeriodo: number; } & { ...; }'.
src/components/agenda/AgendaReadOnly.tsx(321,34): error TS2339: Property 'subgrupo' does not exist on type '{ id: string; agendaId: string; cursoMaestroId: string | null; nombreCursoFallback: string; sede: Sede; horasPresenciales: number; semanas: number; dedicacionPeriodo: number; } & { ...; }'.
src/components/agenda/AgendaReadOnly.tsx(328,34): error TS2339: Property 'creditos' does not exist on type '{ id: string; agendaId: string; cursoMaestroId: string | null; nombreCursoFallback: string; sede: Sede; horasPresenciales: number; semanas: number; dedicacionPeriodo: number; } & { ...; }'.
src/components/agenda/AgendaReadOnly.tsx(376,39): error TS2339: Property 'numeroCurso' does not exist on type '{ id: string; agendaId: string; cursoMaestroId: string | null; nombreCursoFallback: string; sede: Sede; horasPresenciales: number; semanas: number; dedicacionPeriodo: number; } & { ...; }'.
src/components/agenda/AgendaReadOnly.tsx(376,61): error TS2339: Property 'nombreCurso' does not exist on type '{ id: string; agendaId: string; cursoMaestroId: string | null; nombreCursoFallback: string; sede: Sede; horasPresenciales: number; semanas: number; dedicacionPeriodo: number; } & { ...; }'.
src/components/agenda/AgendaWizardForm.tsx(8,24): error TS2305: Module '"@/generated/prisma/client"' has no exported member 'CursoGuardado'.
src/components/agenda/curso-agenda-form.tsx(65,34): error TS2339: Property 'numeroCurso' does not exist on type '{ id: string; agendaId: string; cursoMaestroId: string | null; nombreCursoFallback: string; sede: Sede; horasPresenciales: number; semanas: number; dedicacionPeriodo: number; }'.
src/components/agenda/curso-agenda-form.tsx(74,34): error TS2339: Property 'nombreCurso' does not exist on type '{ id: string; agendaId: string; cursoMaestroId: string | null; nombreCursoFallback: string; sede: Sede; horasPresenciales: number; semanas: number; dedicacionPeriodo: number; }'.
src/components/agenda/curso-agenda-form.tsx(83,34): error TS2339: Property 'subgrupo' does not exist on type '{ id: string; agendaId: string; cursoMaestroId: string | null; nombreCursoFallback: string; sede: Sede; horasPresenciales: number; semanas: number; dedicacionPeriodo: number; }'.
src/components/agenda/curso-agenda-form.tsx(119,34): error TS2339: Property 'creditos' does not exist on type '{ id: string; agendaId: string; cursoMaestroId: string | null; nombreCursoFallback: string; sede: Sede; horasPresenciales: number; semanas: number; dedicacionPeriodo: number; }'.
src/components/agenda/CursoCombobox.tsx(4,15): error TS2305: Module '"@/generated/prisma/client"' has no exported member 'CursoGuardado'.
src/components/agenda/import-cursos-dialog.tsx(4,15): error TS2305: Module '"@/generated/prisma/client"' has no exported member 'CursoGuardado'.
src/components/agenda/NuevaAgendaView.tsx(4,24): error TS2305: Module '"@/generated/prisma/client"' has no exported member 'CursoGuardado'.
src/components/agenda/steps/StepDocencia.tsx(5,15): error TS2305: Module '"@/generated/prisma/client"' has no exported member 'CursoGuardado'.
src/components/agenda/steps/StepIdentificacion.tsx(107,22): error TS2339: Property 'sede' does not exist on type '{ id: string; nombre: string; createdAt: Date; updatedAt: Date; email: string; password: string; cedula: string; rol: Rol; sedeBase: Sede; modalidad: Modalidad; ... 5 more ...; proyectosActivos: boolean; }'.
src/components/agenda/steps/StepIdentificacion.tsx(112,34): error TS2339: Property 'sede' does not exist on type '{ id: string; nombre: string; createdAt: Date; updatedAt: Date; email: string; password: string; cedula: string; rol: Rol; sedeBase: Sede; modalidad: Modalidad; ... 5 more ...; proyectosActivos: boolean; }'.
src/components/agenda/wizard-steps/step-cursos.tsx(4,28): error TS2305: Module '"@/generated/prisma/client"' has no exported member 'CursoGuardado'.
src/components/agenda/wizard-steps/step-cursos.tsx(109,32): error TS2339: Property 'numeroCurso' does not exist on type '{ id: string; agendaId: string; cursoMaestroId: string | null; nombreCursoFallback: string; sede: Sede; horasPresenciales: number; semanas: number; dedicacionPeriodo: number; } & { ...; }'.
src/components/agenda/wizard-steps/step-cursos.tsx(111,41): error TS2339: Property 'nombreCurso' does not exist on type '{ id: string; agendaId: string; cursoMaestroId: string | null; nombreCursoFallback: string; sede: Sede; horasPresenciales: number; semanas: number; dedicacionPeriodo: number; } & { ...; }'.
src/components/agenda/wizard-steps/step-cursos.tsx(112,41): error TS2339: Property 'subgrupo' does not exist on type '{ id: string; agendaId: string; cursoMaestroId: string | null; nombreCursoFallback: string; sede: Sede; horasPresenciales: number; semanas: number; dedicacionPeriodo: number; } & { ...; }'.
src/components/agenda/wizard-steps/step-cursos.tsx(118,32): error TS2339: Property 'creditos' does not exist on type '{ id: string; agendaId: string; cursoMaestroId: string | null; nombreCursoFallback: string; sede: Sede; horasPresenciales: number; semanas: number; dedicacionPeriodo: number; } & { ...; }'.
src/components/agenda/wizard-steps/step-datos-generales.tsx(30,30): error TS2339: Property 'fecha' does not exist on type 'AgendaConRelaciones'.
src/components/agenda/wizard-steps/step-horarios.tsx(182,38): error TS2339: Property 'numeroCurso' does not exist on type '{ id: string; agendaId: string; cursoMaestroId: string | null; nombreCursoFallback: string; sede: Sede; horasPresenciales: number; semanas: number; dedicacionPeriodo: number; } & { ...; }'.
src/components/agenda/wizard-steps/step-horarios.tsx(182,61): error TS2339: Property 'nombreCurso' does not exist on type '{ id: string; agendaId: string; cursoMaestroId: string | null; nombreCursoFallback: string; sede: Sede; horasPresenciales: number; semanas: number; dedicacionPeriodo: number; } & { ...; }'.
src/components/agenda/wizard-steps/step-resumen.tsx(104,24): error TS2339: Property 'numeroCurso' does not exist on type '{ id: string; agendaId: string; cursoMaestroId: string | null; nombreCursoFallback: string; sede: Sede; horasPresenciales: number; semanas: number; dedicacionPeriodo: number; } & { ...; }'.
src/components/agenda/wizard-steps/step-resumen.tsx(104,42): error TS2339: Property 'nombreCurso' does not exist on type '{ id: string; agendaId: string; cursoMaestroId: string | null; nombreCursoFallback: string; sede: Sede; horasPresenciales: number; semanas: number; dedicacionPeriodo: number; } & { ...; }'.
src/components/perfil/curso-guardado-form.tsx(4,15): error TS2305: Module '"@/generated/prisma/client"' has no exported member 'CursoGuardado'.
src/components/perfil/cursos-guardados-list.tsx(4,15): error TS2305: Module '"@/generated/prisma/client"' has no exported member 'CursoGuardado'.
src/lib/actions/agenda-wizard.ts(109,18): error TS2339: Property 'actividadDocencia' does not exist on type 'Omit<PrismaClient<never, undefined, DefaultArgs>, "$connect" | "$disconnect" | "$on" | "$transaction" | "$extends">'.
src/lib/actions/agenda-wizard.ts(128,15): error TS2353: Object literal may only specify known properties, and 'fecha' does not exist in type '(Without<AgendaSemestralUpdateInput, AgendaSemestralUncheckedUpdateInput> & AgendaSemestralUncheckedUpdateInput) | (Without<...> & AgendaSemestralUpdateInput)'.
src/lib/actions/agenda-wizard.ts(137,15): error TS2353: Object literal may only specify known properties, and 'fecha' does not exist in type 'Without<AgendaSemestralCreateInput, AgendaSemestralUncheckedCreateInput> & AgendaSemestralUncheckedCreateInput'.
src/lib/actions/agenda-wizard.ts(150,13): error TS2322: Type 'string | null' is not assignable to type 'Sede'.
  Type 'null' is not assignable to type 'Sede'.
src/lib/actions/agenda-wizard.ts(183,18): error TS2339: Property 'actividadDocencia' does not exist on type 'Omit<PrismaClient<never, undefined, DefaultArgs>, "$connect" | "$disconnect" | "$on" | "$transaction" | "$extends">'.
src/lib/actions/agenda-wizard.ts(253,31): error TS2339: Property 'cursoGuardado' does not exist on type 'PrismaClient'.
src/lib/actions/agenda.ts(53,7): error TS2353: Object literal may only specify known properties, and 'fecha' does not exist in type 'Without<AgendaSemestralCreateInput, AgendaSemestralUncheckedCreateInput> & AgendaSemestralUncheckedCreateInput'.
src/lib/actions/agenda.ts(116,7): error TS2322: Type 'string | null' is not assignable to type 'Sede'.
  Type 'null' is not assignable to type 'Sede'.
src/lib/actions/agenda.ts(158,7): error TS2322: Type 'string | null' is not assignable to type 'Sede | EnumSedeFieldUpdateOperationsInput | undefined'.
  Type 'null' is not assignable to type 'Sede | EnumSedeFieldUpdateOperationsInput | undefined'.
src/lib/actions/agenda.ts(206,40): error TS2339: Property 'cursoGuardado' does not exist on type 'PrismaClient'.
src/lib/actions/agenda.ts(214,32): error TS7006: Parameter 'cg' implicitly has an 'any' type.
src/lib/actions/agenda.ts(304,20): error TS2339: Property 'actividadDocencia' does not exist on type 'PrismaClient'.
src/lib/actions/agenda.ts(340,32): error TS2339: Property 'actividadDocencia' does not exist on type 'PrismaClient'.
src/lib/actions/agenda.ts(343,20): error TS2339: Property 'actividadDocencia' does not exist on type 'PrismaClient'.
src/lib/actions/agenda.ts(387,32): error TS2339: Property 'actividadDocencia' does not exist on type 'PrismaClient'.
src/lib/actions/agenda.ts(390,20): error TS2339: Property 'actividadDocencia' does not exist on type 'PrismaClient'.
src/lib/actions/auth.ts(94,9): error TS2353: Object literal may only specify known properties, and 'sede' does not exist in type '(Without<DocenteCreateInput, DocenteUncheckedCreateInput> & DocenteUncheckedCreateInput) | (Without<...> & DocenteCreateInput)'.
src/lib/actions/cursos-guardados.ts(21,16): error TS2339: Property 'cursoGuardado' does not exist on type 'PrismaClient'.
src/lib/actions/cursos-guardados.ts(53,30): error TS2339: Property 'cursoGuardado' does not exist on type 'PrismaClient'.
src/lib/actions/cursos-guardados.ts(58,16): error TS2339: Property 'cursoGuardado' does not exist on type 'PrismaClient'.
src/lib/actions/cursos-guardados.ts(79,30): error TS2339: Property 'cursoGuardado' does not exist on type 'PrismaClient'.
src/lib/actions/cursos-guardados.ts(84,16): error TS2339: Property 'cursoGuardado' does not exist on type 'PrismaClient'.
src/lib/types/agenda.ts(5,3): error TS2305: Module '"@/generated/prisma/client"' has no exported member 'ActividadDocencia'.
